[transformers] Disabling PyTorch because PyTorch >= 2.5 is required but found 2.1.2+cu118
[transformers] PyTorch was not found. Models won't be available and only tokenizers, configuration and file/data utilities can be used.
/root/miniconda3/lib/python3.10/site-packages/timm/models/layers/__init__.py:49: FutureWarning: Importing from timm.models.layers is deprecated, please import via timm.layers
  warnings.warn(f"Importing from {__name__} is deprecated, please import via timm.layers", FutureWarning)
[train] device=cuda
[train] run timestamp = 20260830_222743
[train] total samples: 3797 (benign=2337, malignant=1460)

[fold 1/5] train=3037 val=760 (benign=468, malignant=292)
[MultiTaskVMamba] loaded pretrained backbone from /root/autodl-tmp/BU-Mamba/checkpoints/pretrained/vssm_tiny_0230_ckpt_epoch_262.pth
  missing keys: 8, unexpected keys: 0
[fold 1][epoch 1/60] train acc=0.685 cls=0.576 seg=0.978 | val acc=0.791 auc=0.873 dice=0.798 iou=0.707 (33.4s)
  [saved] best_seg (global Dice=0.798)
  [saved] best_cls (global acc=0.791)
[fold 1][epoch 2/60] train acc=0.806 cls=0.427 seg=0.346 | val acc=0.826 auc=0.911 dice=0.830 iou=0.751 (27.6s)
  [saved] best_seg (global Dice=0.830)
  [saved] best_cls (global acc=0.826)
[fold 1][epoch 3/60] train acc=0.846 cls=0.350 seg=0.292 | val acc=0.830 auc=0.929 dice=0.836 iou=0.759 (27.6s)
  [saved] best_seg (global Dice=0.836)
  [saved] best_cls (global acc=0.830)
[fold 1][epoch 4/60] train acc=0.871 cls=0.312 seg=0.270 | val acc=0.830 auc=0.915 dice=0.826 iou=0.740 (27.5s)
[fold 1][epoch 5/60] train acc=0.892 cls=0.255 seg=0.258 | val acc=0.842 auc=0.925 dice=0.847 iou=0.773 (27.8s)
  [saved] best_seg (global Dice=0.847)
  [saved] best_cls (global acc=0.842)
[fold 1][epoch 6/60] train acc=0.921 cls=0.197 seg=0.245 | val acc=0.845 auc=0.921 dice=0.851 iou=0.775 (27.5s)
  [saved] best_seg (global Dice=0.851)
  [saved] best_cls (global acc=0.845)
[fold 1][epoch 7/60] train acc=0.928 cls=0.178 seg=0.242 | val acc=0.832 auc=0.912 dice=0.848 iou=0.771 (27.6s)
[fold 1][epoch 8/60] train acc=0.938 cls=0.155 seg=0.232 | val acc=0.846 auc=0.924 dice=0.849 iou=0.773 (27.5s)
  [saved] best_cls (global acc=0.846)
[fold 1][epoch 9/60] train acc=0.956 cls=0.118 seg=0.223 | val acc=0.861 auc=0.931 dice=0.859 iou=0.790 (27.5s)
  [saved] best_seg (global Dice=0.859)
  [saved] best_cls (global acc=0.861)
[fold 1][epoch 10/60] train acc=0.967 cls=0.089 seg=0.217 | val acc=0.868 auc=0.938 dice=0.860 iou=0.788 (27.6s)
  [saved] best_seg (global Dice=0.860)
  [saved] best_cls (global acc=0.868)
  [saved] ckpt epoch 10
[fold 1][epoch 11/60] train acc=0.971 cls=0.079 seg=0.209 | val acc=0.863 auc=0.944 dice=0.870 iou=0.801 (27.7s)
  [saved] best_seg (global Dice=0.870)
[fold 1][epoch 12/60] train acc=0.974 cls=0.067 seg=0.204 | val acc=0.859 auc=0.933 dice=0.863 iou=0.790 (27.5s)
[fold 1][epoch 13/60] train acc=0.975 cls=0.068 seg=0.197 | val acc=0.876 auc=0.937 dice=0.868 iou=0.796 (27.5s)
  [saved] best_cls (global acc=0.876)
[fold 1][epoch 14/60] train acc=0.978 cls=0.065 seg=0.181 | val acc=0.861 auc=0.938 dice=0.868 iou=0.797 (27.5s)
[fold 1][epoch 15/60] train acc=0.984 cls=0.055 seg=0.176 | val acc=0.857 auc=0.936 dice=0.873 iou=0.803 (27.5s)
  [saved] best_seg (global Dice=0.873)
[fold 1][epoch 16/60] train acc=0.990 cls=0.033 seg=0.171 | val acc=0.874 auc=0.938 dice=0.876 iou=0.805 (27.5s)
  [saved] best_seg (global Dice=0.876)
[fold 1][epoch 17/60] train acc=0.981 cls=0.063 seg=0.171 | val acc=0.858 auc=0.934 dice=0.873 iou=0.800 (27.5s)
[fold 1][epoch 18/60] train acc=0.985 cls=0.043 seg=0.170 | val acc=0.874 auc=0.946 dice=0.874 iou=0.803 (27.7s)
[fold 1][epoch 19/60] train acc=0.986 cls=0.038 seg=0.167 | val acc=0.870 auc=0.938 dice=0.874 iou=0.804 (27.6s)
[fold 1][epoch 20/60] train acc=0.986 cls=0.045 seg=0.171 | val acc=0.893 auc=0.947 dice=0.877 iou=0.807 (27.5s)
  [saved] best_seg (global Dice=0.877)
  [saved] best_cls (global acc=0.893)
  [saved] ckpt epoch 20
[fold 1][epoch 21/60] train acc=0.987 cls=0.032 seg=0.162 | val acc=0.867 auc=0.935 dice=0.873 iou=0.803 (27.5s)
[fold 1][epoch 22/60] train acc=0.985 cls=0.039 seg=0.161 | val acc=0.876 auc=0.941 dice=0.875 iou=0.805 (27.5s)
[fold 1][epoch 23/60] train acc=0.992 cls=0.023 seg=0.156 | val acc=0.878 auc=0.945 dice=0.871 iou=0.801 (27.5s)
[fold 1][epoch 24/60] train acc=0.993 cls=0.020 seg=0.147 | val acc=0.886 auc=0.941 dice=0.873 iou=0.804 (27.5s)
[fold 1][epoch 25/60] train acc=0.990 cls=0.022 seg=0.149 | val acc=0.883 auc=0.945 dice=0.878 iou=0.810 (27.7s)
  [saved] best_seg (global Dice=0.878)
[fold 1][epoch 26/60] train acc=0.991 cls=0.025 seg=0.146 | val acc=0.872 auc=0.946 dice=0.874 iou=0.803 (27.5s)
[fold 1][epoch 27/60] train acc=0.992 cls=0.021 seg=0.142 | val acc=0.889 auc=0.951 dice=0.879 iou=0.813 (27.5s)
  [saved] best_seg (global Dice=0.879)
[fold 1][epoch 28/60] train acc=0.994 cls=0.015 seg=0.140 | val acc=0.888 auc=0.951 dice=0.881 iou=0.815 (27.5s)
  [saved] best_seg (global Dice=0.881)
[fold 1][epoch 29/60] train acc=0.992 cls=0.016 seg=0.136 | val acc=0.883 auc=0.951 dice=0.879 iou=0.810 (27.5s)
[fold 1][epoch 30/60] train acc=0.996 cls=0.010 seg=0.135 | val acc=0.874 auc=0.949 dice=0.875 iou=0.806 (27.5s)
  [saved] ckpt epoch 30
[fold 1][epoch 31/60] train acc=0.996 cls=0.011 seg=0.133 | val acc=0.891 auc=0.952 dice=0.881 iou=0.814 (27.8s)
[fold 1][epoch 32/60] train acc=0.997 cls=0.008 seg=0.129 | val acc=0.889 auc=0.951 dice=0.881 iou=0.813 (27.4s)
[fold 1][epoch 33/60] train acc=0.997 cls=0.010 seg=0.131 | val acc=0.892 auc=0.947 dice=0.878 iou=0.810 (27.4s)
[fold 1][epoch 34/60] train acc=0.996 cls=0.011 seg=0.131 | val acc=0.874 auc=0.943 dice=0.878 iou=0.810 (27.5s)
[fold 1][epoch 35/60] train acc=0.996 cls=0.012 seg=0.125 | val acc=0.888 auc=0.950 dice=0.882 iou=0.815 (27.5s)
  [saved] best_seg (global Dice=0.882)
[fold 1][epoch 36/60] train acc=0.998 cls=0.005 seg=0.122 | val acc=0.884 auc=0.950 dice=0.883 iou=0.816 (27.5s)
  [saved] best_seg (global Dice=0.883)
[fold 1][epoch 37/60] train acc=0.998 cls=0.008 seg=0.120 | val acc=0.882 auc=0.952 dice=0.882 iou=0.815 (27.5s)
[fold 1][epoch 38/60] train acc=0.997 cls=0.006 seg=0.118 | val acc=0.886 auc=0.953 dice=0.880 iou=0.814 (27.8s)
[fold 1][epoch 39/60] train acc=0.996 cls=0.010 seg=0.120 | val acc=0.882 auc=0.950 dice=0.879 iou=0.811 (27.5s)
[fold 1][epoch 40/60] train acc=0.996 cls=0.011 seg=0.118 | val acc=0.887 auc=0.948 dice=0.877 iou=0.809 (27.5s)
  [saved] ckpt epoch 40
  [removed] ckpt_epoch10.tar
[fold 1][epoch 41/60] train acc=0.996 cls=0.010 seg=0.118 | val acc=0.884 auc=0.953 dice=0.881 iou=0.814 (27.5s)
[fold 1][epoch 42/60] train acc=0.998 cls=0.004 seg=0.114 | val acc=0.884 auc=0.954 dice=0.881 iou=0.813 (27.5s)
[fold 1][epoch 43/60] train acc=0.999 cls=0.004 seg=0.112 | val acc=0.884 auc=0.954 dice=0.882 iou=0.816 (27.5s)
[fold 1][epoch 44/60] train acc=0.998 cls=0.005 seg=0.112 | val acc=0.886 auc=0.954 dice=0.882 iou=0.815 (28.0s)
[fold 1][epoch 45/60] train acc=0.998 cls=0.006 seg=0.109 | val acc=0.888 auc=0.954 dice=0.882 iou=0.816 (27.3s)
[fold 1][epoch 46/60] train acc=0.999 cls=0.003 seg=0.109 | val acc=0.887 auc=0.954 dice=0.881 iou=0.814 (27.5s)
[fold 1][epoch 47/60] train acc=0.998 cls=0.004 seg=0.108 | val acc=0.888 auc=0.954 dice=0.880 iou=0.813 (27.5s)
[fold 1][epoch 48/60] train acc=0.999 cls=0.004 seg=0.107 | val acc=0.888 auc=0.954 dice=0.882 iou=0.816 (27.6s)
[fold 1][epoch 49/60] train acc=0.999 cls=0.004 seg=0.108 | val acc=0.887 auc=0.955 dice=0.882 iou=0.816 (27.6s)
[fold 1][epoch 50/60] train acc=0.999 cls=0.003 seg=0.105 | val acc=0.888 auc=0.955 dice=0.881 iou=0.815 (27.6s)
  [saved] ckpt epoch 50
  [removed] ckpt_epoch20.tar
[fold 1][epoch 51/60] train acc=0.999 cls=0.003 seg=0.105 | val acc=0.891 auc=0.955 dice=0.881 iou=0.815 (27.8s)
[fold 1][epoch 52/60] train acc=0.998 cls=0.005 seg=0.104 | val acc=0.887 auc=0.955 dice=0.881 iou=0.815 (27.5s)
[fold 1][epoch 53/60] train acc=0.998 cls=0.004 seg=0.103 | val acc=0.893 auc=0.955 dice=0.882 iou=0.815 (27.4s)
[fold 1][epoch 54/60] train acc=0.998 cls=0.004 seg=0.103 | val acc=0.886 auc=0.955 dice=0.882 iou=0.815 (27.7s)
[fold 1][epoch 55/60] train acc=0.999 cls=0.003 seg=0.102 | val acc=0.886 auc=0.955 dice=0.882 iou=0.815 (27.6s)
[fold 1][epoch 56/60] train acc=0.998 cls=0.004 seg=0.103 | val acc=0.888 auc=0.955 dice=0.881 iou=0.815 (27.6s)
[fold 1][epoch 57/60] train acc=0.998 cls=0.004 seg=0.102 | val acc=0.887 auc=0.955 dice=0.881 iou=0.815 (27.5s)
[fold 1][epoch 58/60] train acc=0.998 cls=0.003 seg=0.102 | val acc=0.887 auc=0.956 dice=0.881 iou=0.815 (27.9s)
[fold 1][epoch 59/60] train acc=0.998 cls=0.003 seg=0.102 | val acc=0.887 auc=0.955 dice=0.881 iou=0.815 (27.6s)
[fold 1][epoch 60/60] train acc=0.998 cls=0.003 seg=0.102 | val acc=0.887 auc=0.956 dice=0.881 iou=0.815 (27.6s)
  [saved] ckpt epoch 60
  [removed] ckpt_epoch30.tar
[fold 1] best dice=0.883 iou=0.816 acc=0.893 auc=0.947

===== cross-validation summary =====
  fold 1: dice=0.883 iou=0.816 acc=0.893 auc=0.947
  MEAN: dice=0.883±0.000  iou=0.816±0.000  acc=0.893±0.000  auc=0.947±0.000
  saved -> /root/autodl-tmp/BU-Mamba/output_mixed/exp_20260830_222743/cv_summary.csv

[train] done. global best_seg=0.883 (Dice), best_cls=0.893 (acc)
